                ;~~~~~~~~~~~~~~~~~~~~~~~~~~~~~~~~~~~~~~~~~~~~~~~~~~~~~~~~~~~~~~~~~~~~~~~~~~~~~~~~~
                ;~~  [MyCA] Macro Cross Assembler V1.10 for MyCPU, (c) 2023 by Dennis Kuschel  ~~
                ;~~~~~~~~~~~~~~~~~~~~~~~~~~~~~~~~~~~~~~~~~~~~~~~~~~~~~~~~~~~~~~~~~~~~~~~~~~~~~~~~~

                ;[File: scc.asm]
                ;[ASCII]
                
                ;******************************************
                ;********** Slave clock control ***********
                ;******************************************
                ;***** by Robin Tönniges (2016-2024) ******
                ;******************************************
                
                ;[File: C:\Program Files (x86)\myca\include\sys.hsm]
                ;[ASCII]
                
                KERN_WARMSTART      EQU 0220h
                KERN_FILEINPUT      EQU 027Ah
                KERN_GETINFO        EQU 02A2h
                KERN_REGFILEDEVICE  EQU 0264h
                KERN_FSREGISTER     EQU 02AEh
                KERN_FSUNREGISTER   EQU 02B0h
                KERN_GETCHECKSUM16  EQU 02B2h
                KERN_SETMEMBORDERS  EQU 029Eh
                KERN_SETIDLEFUNC    EQU 02EAh
                KERN_IDLE           EQU 02ECh
                KERN_TESTVERSION    EQU 030Ch
                KERN_CONFIGBYTE     EQU 030Ah
                KERN_IDEDRIVER      EQU 030Eh
                KERN_MULTIPLEX      EQU 0312h
                KERN_PRGMOVE        EQU 032Ah
                
                ;[File: scc.asm]
                ;[File: C:\Program Files (x86)\myca\include\time.hsm]
                ;[ASCII]
                
                KERN_GETSETTIME     EQU 029Ah
                KERN_GETSETDATE     EQU 029Ch
                
                KERN_INSDELTIMER    EQU 02AAh
                
                ;[File: scc.asm]
                ;[File: C:\Program Files (x86)\myca\include\code.hsm]
                ;[ASCII]
                
                KERN_ADAPTOPCODES   EQU 02C4h
                KERN_EXECUTEFILE    EQU 02BEh
                KERN_EXITTSR        EQU 02C2h
                KERN_KILLPROGRAM    EQU 02C0h
                KERN_KILLPROGEX     EQU 0328h
                KERN_SPECROMCALL    EQU 02B6h
                KERN_CALLFROMROM    EQU 02B8h
                KERN_CALLROM        EQU 02BAh
                KERN_LIBCALL        EQU 02CAh
                KERN_LIBSELECT      EQU 02CCh
                KERN_LIBDESELECT    EQU 02CEh
                KERN_LIBUNLOAD      EQU 02D0h
                KERN_ISLOADED       EQU 02D2h
                KERN_ASSERT         EQU 0326h
                
                REG_ROMPAGE  SET 3900h
                
                ;[File: scc.asm]
                ;[File: C:\Program Files (x86)\myca\include\conio.hsm]
                ;[ASCII]
                
                ;-- functions --
                KERN_KBHIT          EQU 023Ah
                KERN_GETCH          EQU 023Ch
                KERN_UNGETCH        EQU 023Eh
                KERN_TESTCTRLC      EQU 0240h
                KERN_PRINTCHAR      EQU 0242h
                KERN_PRINTSTR       EQU 0244h
                KERN_PRINTSTRR      EQU 0246h
                KERN_GETCRSRPOS     EQU 0248h
                KERN_GETSCREENSIZE  EQU 024Ah
                KERN_GETFREELINES   EQU 024Ch
                KERN_INPUT          EQU 0258h
                KERN_PRINTHEX       EQU 025Eh
                KERN_PRINTDEZ       EQU 0260h
                KERN_SETCONSOLE     EQU 022Ch
                KERN_GSTERMINAL     EQU 02A0h
                KERN_QUOTEMODE      EQU 02E6h
                KERN_GSSTDOUTVECT   EQU 02D4h
                KERN_SETINPSPVECT   EQU 025Ah
                KERN_SETINPUTMODE   EQU 025Ch
                
                ;-- flag definitions --
                CON_DISP_LCD        SET 01h
                CON_DISP_SCREEN     SET 02h
                CON_DISP_TTY        SET 03h
                CON_DISP_TTYSCR     SET 04h
                CON_DISP_NONE       SET 0Fh
                CON_KEYB_KEYB       SET 10h
                CON_KEYB_TTY        SET 20h
                CON_KEYB_NONE       SET 0F0h
                INPMODE_BASIC       SET 0
                INPMODE_BASICRUN    SET 1
                INPMODE_KERNALSHELL SET 2
                INPUTFLAG_HISTORY   SET 01h
                INPUTFLAG_SIZE      SET 02h
                INPUTFLAG_QUOTE     SET 04h
                INPUTFLAG_LINE80    SET 08h
                INPUTFLAG_TABKEY    SET 10h
                INPUTFLAG_NOBORDER  SET 20h
                
                ;[File: scc.asm]
                ;[File: C:\Program Files (x86)\myca\include\ctype.hsm]
                ;[ASCII]
                
                KERN_ISPRINTABLE    EQU 024Eh
                KERN_ISCTRLCHAR     EQU 0250h
                KERN_ISALPHA        EQU 0252h
                KERN_ISDIGIT        EQU 0254h
                KERN_ASCIIPETSCII   EQU 0256h
                KERN_STRING2NUMBER  EQU 0262h
                
                ;[File: scc.asm]
                ;[File: C:\Program Files (x86)\myca\include\stdio.hsm]
                ;[ASCII]
                
                ;-- functions --
                KERN_FCLOSE         EQU 0268h
                KERN_FOPEN          EQU 0272h
                KERN_FPUTC          EQU 0274h
                KERN_FGETC          EQU 0276h
                KERN_FTELLSEEK      EQU 02E4h
                KERN_SERIALOUT      EQU 022Eh
                KERN_SERIALIN       EQU 0230h
                KERN_SERIALSETUP    EQU 0232h
                KERN_SERSETBAUD     EQU 0234h
                KERN_SERSETPARAMS   EQU 0236h
                KERN_SERREGISTERBH  EQU 0238h
                KERN_RSIOSTATUS     EQU 02A6h
                
                KERN_FILECLOSE      EQU 0268h
                KERN_FILEBLOCKRDWR  EQU 0278h
                KERN_IOCTL          EQU 027Eh
                
                ;-- flag definitions --
                STATUS_WRITETIMEOUT     SET 01h
                STATUS_READTIMEOUT      SET 02h
                STATUS_FAIL             SET 04h
                STATUS_DEVICETYPEERROR  SET 08h
                STATUS_USERERROR        SET 10h
                STATUS_FILENOTFOUND     SET 20h
                STATUS_EOI              SET 40h
                STATUS_DEVNOTPRESENT    SET 80h
                
                FOPEN_RD  SET 01h
                FOPEN_WR  SET 02h
                FOPEN_RW  SET 03h
                FOPEN_AP  SET 04h
                
                ;[File: scc.asm]
                ;Comment this line in if library should load on higher ROM-Page
                
                ORG 8000h
    8000 0280    DW 8002h
    8002 EE81    DW initfunc
    8004 8582    DW termfunc
    8006 EE81    DW codestart
                ;-------------------------------------
                ; declare variables
                
                LIB_DCF77           EQU 60h
                HDW_OUTPUT          EQU 3000h     ;Hardware adress of SCC-Board (Clock on bit 0 & 1)
                
                PAR_REFRESH_DELAY   SET 7        ;Timer division factor for refresh cycle (7 = ~250ms)
                PAR_IMPULS_DELAY    SET 15       ;Timer division factor for clock impuls lenght (15 = ~0,5s)
                
    8008 00     VAR_refreshHandle   DB    0
    8009 07     VAR_refreshTimerDiv DB    PAR_REFRESH_DELAY  
    800A 0F     VAR_impulsTimerDiv  DB    PAR_IMPULS_DELAY   
    800B 00     VAR_startImpuls     DB    0
    800C 00     VAR_currentHour     DB    0
    800D 00     VAR_currentMinute   DB    0
    800E 0000   VAR_bckpFileHandle  DW    0
    8010 00     VAR_clockChanged    DB    0
                
    8011 0000   FLG_timerInt        DW    0
                
    8013 383A2F PAR_bckpFilePath        DB  "8:/etc/scc.dat",0
    8016 455443 
    8019 2F5343 
    801C 432E44 
    801F 415400 
                
                ;Clock data will be saved in Backup-file
                ;-------------------------------------
                BackupStart
    8022 01     VAR_impuls          DB    1
    8023 00     VAR_clockHour       DB    0
    8024 00     VAR_clockMinute     DB    0
                BackupEnd
                ;-------------------------------------
                
                BckpFileStruct
    8025 2280   dataPtr             DW   BackupStart
    8027 0300   dataSize            DW   BackupEnd - BackupStart
                
    8029 000000 filePos0            DB   0,0,0
                
    802C 0D5343 STR_textHelp        DB  "\rscc [-d] [-b]\r"
    802F 43205B 
    8032 2D445D 
    8035 205B2D 
    8038 425D0D 
    803B D04152                     DB  "Parameters:\r"
    803E 414D45 
    8041 544552 
    8044 533A0D 
    8047 202020                     DB  "   -d use DCF77-Library\r"
    804A 2D4420 
    804D 555345 
    8050 20C4C3 
    8053 C63737 
    8056 2DCC49 
    8059 425241 
    805C 52590D 
    805F 202020                     DB  "   -b use Backupfile (will be created in 8:/etc/)\r",0
    8062 2D4220 
    8065 555345 
    8068 20C241 
    806B 434B55 
    806E 504649 
    8071 4C4520 
    8074 285749 
    8077 4C4C20 
    807A 424520 
    807D 435245 
    8080 415445 
    8083 442049 
    8086 4E2038 
    8089 3A2F45 
    808C 54432F 
    808F 290D00 
                
    8092 0DD748 STR_textHour        DB  "\rWhich hour does the clock show? [1-12]\r",0 
    8095 494348 
    8098 20484F 
    809B 555220 
    809E 444F45 
    80A1 532054 
    80A4 484520 
    80A7 434C4F 
    80AA 434B20 
    80AD 53484F 
    80B0 573F20 
    80B3 5B312D 
    80B6 31325D 
    80B9 0D00   
    80BB 0DD748 STR_textMinute      DB  "\rWhich minute does the clock show? [0-59]\r",0 
    80BE 494348 
    80C1 204D49 
    80C4 4E5554 
    80C7 452044 
    80CA 4F4553 
    80CD 205448 
    80D0 452043 
    80D3 4C4F43 
    80D6 4B2053 
    80D9 484F57 
    80DC 3F205B 
    80DF 302D35 
    80E2 395D0D 
    80E5 00     
    80E6 0DC641 STR_textDCFError    DB  "\rFailed to load DCF77-Lib!\r",0 
    80E9 494C45 
    80EC 442054 
    80EF 4F204C 
    80F2 4F4144 
    80F5 20C4C3 
    80F8 C63737 
    80FB 2DCC49 
    80FE 42210D 
    8101 00     
    8102 0DD54E STR_textUnknParam   DB  "\rUnknown parameter!\r"
    8105 4B4E4F 
    8108 574E20 
    810B 504152 
    810E 414D45 
    8111 544552 
    8114 210D   
    8116 534343                     DB  "scc -h for help",0
    8119 202D48 
    811C 20464F 
    811F 522048 
    8122 454C50 
    8125 00     
                
    8126 0DCE4F STR_textNoBckp      DB  "\rNo backup file found!\r",0
    8129 204241 
    812C 434B55 
    812F 502046 
    8132 494C45 
    8135 20464F 
    8138 554E44 
    813B 210D00 
    813E 0DCE45 STR_textBckpCreated DB  "\rNew backup file created!\r",0
    8141 572042 
    8144 41434B 
    8147 555020 
    814A 46494C 
    814D 452043 
    8150 524541 
    8153 544544 
    8156 210D00 
                
    8159 0DC552 STR_textBckpCreateErr   DB  "\rError creating backup file!\r",0
    815C 524F52 
    815F 204352 
    8162 454154 
    8165 494E47 
    8168 204241 
    816B 434B55 
    816E 502046 
    8171 494C45 
    8174 210D00 
                
    8177 0DC552 STR_textBckpReadError   DB  "\rError reading backup file!\r"
    817A 524F52 
    817D 205245 
    8180 414449 
    8183 4E4720 
    8186 424143 
    8189 4B5550 
    818C 204649 
    818F 4C4521 
    8192 0D     
    8193 D45259                         DB  "Try to delete 8:/etc/scc.dat\r",0
    8196 20544F 
    8199 204445 
    819C 4C4554 
    819F 452038 
    81A2 3A2F45 
    81A5 54432F 
    81A8 534343 
    81AB 2E4441 
    81AE 540D00 
                
    81B1 0DC552 STR_textBckpWriteError  DB  "\rError writing to backup file!\r"
    81B4 524F52 
    81B7 205752 
    81BA 495449 
    81BD 4E4720 
    81C0 544F20 
    81C3 424143 
    81C6 4B5550 
    81C9 204649 
    81CC 4C4521 
    81CF 0D     
    81D0 D45259                         DB  "Try to delete 8:/etc/scc.dat\r",0
    81D3 20544F 
    81D6 204445 
    81D9 4C4554 
    81DC 452038 
    81DF 3A2F45 
    81E2 54432F 
    81E5 534343 
    81E8 2E4441 
    81EB 540D00 
                
                ;-------------------------------------
                ; begin of assembly code
                
                codestart
                
                ;TSR initialization
                ;---------------------------------------------------------  
                initfunc  
    81EE 04             CLC
    81EF 1BD202         JSR (KERN_ISLOADED)
    81F2 2C             CLA
    81F3 173B84         JPC _RTS
                
                		;move this program to a separate memory page
    81F6 6CEE81 		LPT  #codestart
    81F9 300E   		LDA  #0Eh
    81FB 1B1203 		JSR  (KERN_MULTIPLEX)  ;may fail on older kernel
                
                ;Get parameter from console
    81FE 5029           LDX #29h
    8200 5707           LDY #07h
                
    8202 EA     skipPar LPA    
    8203 195C82         JPZ init0
    8206 7020           CMP #20h
    8208 180282         JNZ skipPar
                
    820B EA     _skp0   LPA
    820C 195C82         JPZ init0
    820F 7020           CMP #20h
    8211 190B82         JPZ _skp0
                
    8214 702D           CMP #2Dh    
    8216 185C82         JNZ init0
    8219 EA             LPA         ;'-' found
    821A 195C82         JPZ init0
    821D 7044           CMP #'d'    ;Parameter -d means with DCF77-Lib
    821F 183582         JNZ _skp1
    8222 7A             PHR
                
    8223 3060           LDA #LIB_DCF77
    8225 1BCC02         JSR (KERN_LIBSELECT)
    8228 163182         JNC _skp5
    822B 6CE680         LPT #STR_textDCFError   
    822E 1B4402         JSR (KERN_PRINTSTR)
                
    8231 8A     _skp5   PLR
    8232 100B82         JMP _skp0
                
    8235 7042   _skp1   CMP #'b'    ;Parameter -b means with Backupfile
    8237 184582         JNZ _skp2
    823A 7A             PHR
    823B 1A8183         JSR getBackup
    823E 8A             PLR
    823F 175982         JPC _skp3
    8242 100B82         JMP _skp0
                
    8245 7048   _skp2   CMP #'h'    ;Parameter -h means show help
    8247 185382         JNZ _skp4
    824A 6C2C80         LPT #STR_textHelp
    824D 1B4402         JSR (KERN_PRINTSTR)
    8250 105982         JMP _skp3
    8253 6C0281 _skp4   LPT #STR_textUnknParam
    8256 1B4402         JSR (KERN_PRINTSTR)
    8259 3001   _skp3   LDA #1 ;Error leave program
    825B 1F             RTS          
                
    825C 320F80 init0   LDAA VAR_bckpFileHandle+1
    825F 187082         JNZ init1
    8262 320E80         LDAA VAR_bckpFileHandle
    8265 420F80 		STAA VAR_bckpFileHandle+1
                
                        ;Send sync impuls
    8268 3001           LDA #1
    826A 1A1C83         JSR imp0
                
                        ;Get clock data from user
    826D 1A5E83         JSR getClock        
                
    8270 6CC182 init1   LPT #idle ;Setup idle function
    8273 05             SEC
    8274 1BEA02         JSR (KERN_SETIDLEFUNC)
                
    8277 2C             CLA ;Setup timer interrupt (Refresh cycle) 
    8278 6CA082         LPT  #refreshInt  
    827B 1B1203         JSR  (KERN_MULTIPLEX) 
    827E 420880         STAA VAR_refreshHandle  ;Save adress of timerhandle
                
    8281 2C             CLA  ;return zero (success, TSR stays resistent in memory)
    8282 11C202         JMP (KERN_EXITTSR)
                
                ;Termination function
                ;---------------------------------------------------------          
                termfunc  
                        ;uninstall idle function
    8285 6CC182         LPT #idle
    8288 04             CLC
    8289 1BEA02         JSR (KERN_SETIDLEFUNC)
                
                        ;uninstall timer interrupt
    828C 520880         LDXA VAR_refreshHandle
    828F 199782         JPZ  _term0
    8292 3001           LDA  #1
    8294 1B1203         JSR  (KERN_MULTIPLEX)  
                
                        ;unload dcf lib
                _term0  ;LDA #LIB_DCF77
                        ;JSR (KERN_LIBUNLOAD)
                
                        ;set outputs to zero
    8297 320030         LDAA HDW_OUTPUT
    829A D0FC           AND #FCh
    829C 420030         STAA HDW_OUTPUT
    829F 1F             RTS
                
                ;--------------------------------------------------------- 
                ;Timer interrupt
                ;---------------------------------------------------------   
                ;Check system time -> set clock
                refreshInt
    82A0 8D0980         DECA VAR_refreshTimerDiv
    82A3 18B082         JNZ impuls
    82A6 3007           LDA #PAR_REFRESH_DELAY
    82A8 420980         STAA VAR_refreshTimerDiv    
    82AB 3001           LDA #1
    82AD 421180 		STAA FLG_timerInt
                
                ;Generate clock impuls
                impuls
    82B0 8D0A80         DECA VAR_impulsTimerDiv
    82B3 183B84         JNZ _RTS
    82B6 300F           LDA #PAR_IMPULS_DELAY
    82B8 420A80         STAA VAR_impulsTimerDiv
    82BB 3001           LDA #1
    82BD 421280 		STAA FLG_timerInt+1		
                
    82C0 1F             RTS
                
                ;--------------------------------------------------------- 
                ;Idle function
                ;---------------------------------------------------------  
                idle        
                        ;Write to backup file
    82C1 320E80 		LDAA VAR_bckpFileHandle
    82C4 19D382         JPZ ref
    82C7 321080 		LDAA VAR_clockChanged
    82CA 19D382         JPZ ref
    82CD 1A1784         JSR writeBackup
    82D0 2F1080         STZA VAR_clockChanged
                
                ;Get system time
    82D3 321180 ref     LDAA FLG_timerInt
    82D6 190483 		JPZ imp
    82D9 2F1180 		STZA FLG_timerInt
    82DC 04             CLC
    82DD 1B9A02         JSR (KERN_GETSETTIME)
    82E0 700D           CMP #13
    82E2 16E782         JNC ref0
                        ;Hour is greater than 12 -> subtract 12
    82E5 900C           SBC #12
    82E7 420C80 ref0    STAA VAR_currentHour
    82EA 550D80         STXA VAR_currentMinute
                
                        ;Compare clock and system time
    82ED 320C80         LDAA VAR_currentHour
    82F0 722380         CMPA VAR_clockHour
    82F3 18FF82         JNZ ref1
    82F6 320D80         LDAA VAR_currentMinute
    82F9 722480         CMPA VAR_clockMinute
    82FC 19B082         JPZ impuls
    82FF 3001   ref1    LDA #1
    8301 420B80         STAA VAR_startImpuls
                
                ;Clock Impuls
                imp     ;Set HDW_OUTPUT to 0
    8304 321280         LDAA FLG_timerInt+1
    8307 193B84 		JPZ _RTS
    830A 2F1280 		STZA FLG_timerInt+1
    830D 320B80 		LDAA VAR_startImpuls
    8310 181C83         JNZ imp0
    8313 320030         LDAA HDW_OUTPUT
    8316 D0FC           AND #FCh
    8318 420030         STAA HDW_OUTPUT
    831B 1F             RTS
                
                        ;Set HDW_OUTPUT to 10 or 01
    831C 322280 imp0    LDAA VAR_impuls
    831F 7003           CMP #3
    8321 182983         JNZ imp1
    8324 3001           LDA #1
    8326 422280         STAA VAR_impuls
    8329 320030 imp1    LDAA HDW_OUTPUT
    832C D0FC           AND #FCh
    832E E22280         ORAA VAR_impuls
    8331 420030         STAA HDW_OUTPUT
    8334 7D2280         INCA VAR_impuls
    8337 2F0B80         STZA VAR_startImpuls
                
                        ;Increment clock time
    833A 7D2480         INCA VAR_clockMinute
    833D 322480         LDAA VAR_clockMinute
    8340 703C           CMP #60
    8342 185883         JNZ imp2
    8345 2F2480         STZA VAR_clockMinute
    8348 7D2380         INCA VAR_clockHour
    834B 322380         LDAA VAR_clockHour
    834E 700D           CMP #13
    8350 185883         JNZ imp2
    8353 900C           SBC #12
    8355 422380         STAA VAR_clockHour 
                
    8358 3001   imp2    LDA #1
    835A 421080         STAA VAR_clockChanged
                
    835D 1F     		RTS
                
                ;--------------------------------------------------------- 
                ;Helper functions   
                ;---------------------------------------------------------  
                
                ;Get clock data from user
                getClock
                        ;Get clock hour
    835E 6C9280         LPT #STR_textHour
    8361 1B4402         JSR (KERN_PRINTSTR)
    8364 2C             CLA
    8365 2D             CLX
    8366 1B5802         JSR (KERN_INPUT)
    8369 1B6202         JSR (KERN_STRING2NUMBER)
    836C 422380         STAA VAR_clockHour
                
                        ;Get clock minute
    836F 6CBB80         LPT #STR_textMinute
    8372 1B4402         JSR (KERN_PRINTSTR)
    8375 2C             CLA
    8376 2D             CLX
    8377 1B5802         JSR (KERN_INPUT)
    837A 1B6202         JSR (KERN_STRING2NUMBER)
    837D 422480         STAA VAR_clockMinute
                
    8380 1F             RTS
                
                ;Check if backup file exists
                ;Carry = 0 on success
                getBackup         
    8381 1AF383         JSR readBackup
    8384 179083         JPC gB0
    8387 320E80         LDAA VAR_bckpFileHandle
    838A 420F80 		STAA VAR_bckpFileHandle+1
    838D 10AD83 		JMP gB2
                
                        ;No backup found -> Creating one
    8390 6C2681 gB0     LPT #STR_textNoBckp 
    8393 1B4402         JSR (KERN_PRINTSTR)
    8396 1A1784         JSR writeBackup
    8399 16A783         JNC gB1
    839C 6C5981         LPT #STR_textBckpCreateErr ;Error creating backup
    839F 1B4402         JSR (KERN_PRINTSTR)
    83A2 2F0E80         STZA VAR_bckpFileHandle
    83A5 05             SEC
    83A6 1F             RTS       
                
    83A7 6C3E81 gB1     LPT #STR_textBckpCreated
    83AA 1B4402         JSR (KERN_PRINTSTR)
                
    83AD 04     gB2     CLC
    83AE 1F             RTS
                
                ;Set pointer to backup data
                setBlockPtr
    83AF 6C2280         LPT #BackupStart
    83B2 6E2580         SPTA dataPtr
    83B5 3003           LDA #BackupEnd - BackupStart
    83B7 422780         STAA dataSize
    83BA 1F             RTS
                
                ;Set filepointer to first position   
                setFilePtr       
    83BB 6C2980         LPT #filePos0
    83BE 320E80         LDAA VAR_bckpFileHandle
    83C1 05             SEC
    83C2 1BE402         JSR (KERN_FTELLSEEK)
    83C5 1F             RTS
                
                ;Open Backupfile (Read only)
                ;Carry = 0 on success
                openBackupRD 
    83C6 6C1380         LPT #PAR_bckpFilePath
    83C9 3001           LDA #FOPEN_RD
    83CB 1B7202         JSR (KERN_FOPEN)
    83CE 420E80         STAA VAR_bckpFileHandle
    83D1 20             TAX
    83D2 18D783         JNZ oBRD0
    83D5 05             SEC
    83D6 4D             SKA
    83D7 04     oBRD0   CLC
    83D8 1F             RTS
                
                ;Open Backupfile (Read/Write)        
                ;Carry = 0 on success        
                openBackupRW        
    83D9 6C1380         LPT #PAR_bckpFilePath
    83DC 3003           LDA #FOPEN_RW
    83DE 1B7202         JSR (KERN_FOPEN)
    83E1 420E80         STAA VAR_bckpFileHandle
    83E4 20             TAX
    83E5 18EA83         JNZ oBRW0
    83E8 05             SEC
    83E9 4D             SKA
    83EA 04     oBRW0   CLC
    83EB 1F             RTS
                
                ;Close Backupfile   
                closeBackup
    83EC 320E80         LDAA VAR_bckpFileHandle
    83EF 1B6802         JSR (KERN_FCLOSE)
    83F2 1F             RTS
                
                ;Read data from Backupfile
                ;Carry = 0 on success
                readBackup
    83F3 1AC683         JSR openBackupRD
    83F6 16FA83         JNC rB0
    83F9 1F             RTS
                rB0     ;JSR setBlockPtr
    83FA 1ABB83         JSR setFilePtr   
    83FD 6C2580         LPT #BckpFileStruct
    8400 320E80         LDAA VAR_bckpFileHandle
    8403 04             CLC ;BlockRead
    8404 1B7802         JSR (KERN_FILEBLOCKRDWR)
    8407 0B             PHP
    8408 1AEC83         JSR closeBackup
    840B 0F             PLP
    840C 163B84         JNC _RTS
    840F 6C7781         LPT #STR_textBckpReadError  ;Error reading backup
    8412 1B4402         JSR (KERN_PRINTSTR)
    8415 05             SEC
    8416 1F             RTS
                
                ;Write data to Backupfile
                ;Carry = 0 on success
                writeBackup        
    8417 1AD983         JSR openBackupRW
    841A 161E84         JNC wB0
    841D 1F             RTS
                wB0     ;JSR setBlockPtr
    841E 1ABB83         JSR setFilePtr       
    8421 6C2580         LPT #BckpFileStruct
    8424 320E80         LDAA VAR_bckpFileHandle
    8427 05             SEC ;BlockWrite
    8428 1B7802         JSR (KERN_FILEBLOCKRDWR)
    842B 0B             PHP
    842C 1AEC83         JSR closeBackup 
    842F 0F             PLP
    8430 163B84         JNC _RTS     
    8433 6CB181         LPT #STR_textBckpWriteError  ;Error writing backup
    8436 1B4402         JSR (KERN_PRINTSTR)
    8439 05             SEC
    843A 1F             RTS
                
    843B 1F     _RTS    RTS
                


Segment Table:
**************
Segment Name                 Startaddr  Endaddr     Size  Type
=========================================================================
default                           8000     843B      43C  CODE  fixed
- - - - - - - - - - - - - - - - - - - - - - - - - - - - - - - - - - - - -

No errors found.
